[www.jeunes-democrates.org/index.html]
[backblue.gif]
[fade.gif]
[index.html]
[www.jeunes-democrates.org/rss.xml]
[www.jeunes-democrates.org/sites/default/files/icone-site_1.ico]
[www.jeunes-democrates.org/node.html]
[www.jeunes-democrates.org/sites/default/files/css/css_xE-rWrJf-fncB6ztZfd2huxqgxu4WO-qwma6Xer30m4.css]
[www.jeunes-democrates.org/sites/default/files/css/css_nAwwQ5p0fOFi2qCTcWWCRPsnUJlPSDrYiWHHykEr4A0.css]
[www.jeunes-democrates.org/sites/default/files/css/css_Mez_czkoGW71LHhBWH3Yux9pTjb6VWMQtXzzT6mr37E.css]
[www.jeunes-democrates.org/sites/default/files/css/css_UvHvKR3Lx3kb_spQvVW5kf_92jDP8dnC9HBRe8ruqKY.css]
[www.jeunes-democrates.org/sites/default/files/css/css_IfTywpfQjn8VOswZya8BrW4yjTceZ2Sa4-cWEay0m6Y.css]
[www.jeunes-democrates.org/sites/default/files/js/js_XcFpsqayJmf-4U38eQgJqEhVI4ohYTGR5lYCGZQUJX0.js]
[www.jeunes-democrates.org/sites/default/files/js/js_STB1sQRrT8Clhjx6vVFbiGfCuIyRQAvMzRAz24X_rWU.js]
[www.jeunes-democrates.org/sites/default/files/js/js_RP0meRvCoo_V-Q_e0kHOTc_GR7u9yxq6YpS4Gp7aJ1o.js]
[www.jeunes-democrates.org/sites/default/files/js/js_MpKfe1sTh5JIVGCZ17DsAuT1rqAC38MLLlkjqjQ1X_k.js]
[www.jeunes-democrates.org/sites/all/modules/lightbox2/js/lightbox6076.js]
[www.jeunes-democrates.org/sites/default/files/logo-jdem-transparent-pochoir.png]
[www.jeunes-democrates.org/sites/default/files/js/js_VsgBoO3eRLRTR0QuLCMXgif0kHexwbK8qSeJuObETfg.js]
[www.jeunes-democrates.org/sites/default/files/js/js_hKKRnYo17rm-eYHiJWJusGTp46fz-R_s4r4FZvwUdrk.js]
[www.jeunes-democrates.org/qui-sommes-nous.html]
[www.jeunes-democrates.org/notre-equipe.html]
[www.jeunes-democrates.org/le-president.html]
[www.jeunes-democrates.org/contenu/le-bureau-national.html]
[www.jeunes-democrates.org/notre-fonctionnement.html]
[www.jeunes-democrates.org/les-statuts.html]
[www.jeunes-democrates.org/reglement-interieur.html]
[www.jeunes-democrates.org/la-commission-d-arbitrage.html]
[www.jeunes-democrates.org/vos-contacts-locaux.html]
[www.jeunes-democrates.org/taxonomy/term/5]
[www.jeunes-democrates.org/search/taxonomy OR term OR 5]
[www.jeunes-democrates.org/search/node.html]
[www.jeunes-democrates.org/pour-l-europe.html]
[www.jeunes-democrates.org/le-mouvement-democrate.html]
[www.jeunes-democrates.org/notre-histoire-nos-racines.html]
[www.jeunes-democrates.org/categories/idees]
[www.jeunes-democrates.org/search/taxonomy OR term OR 1]
[www.jeunes-democrates.org/categories/editos]
[www.jeunes-democrates.org/search/taxonomy OR term OR 6]
[www.jeunes-democrates.org/files/notre_manifeste/Manifeste/manifeste.html]
[www.jeunes-democrates.org/europe-federale.html]
[www.jeunes-democrates.org/etat-moderne.html]
[www.jeunes-democrates.org/regions-fortes.html]
[www.jeunes-democrates.org/metropoles-d-avenir.html]
[www.jeunes-democrates.org/economie-competitive.html]
[www.jeunes-democrates.org/societe-solidaire.html]
[www.jeunes-democrates.org/education-epanouissante.html]
[www.jeunes-democrates.org/nous-soutenir.html]
[www.jeunes-democrates.org/rejoins-tes-idees-adhere.html]
[www.jeunes-democrates.org/faire-un-don.html]
[www.jeunes-democrates.org/militer-avec-nous.html]
[www.jeunes-democrates.org/newsletter.html]
[www.jeunes-democrates.org/contact.html]
[www.jeunes-democrates.org/sites/all/themes/jdem2012/styles/images/icones/facebook.png]
[www.jeunes-democrates.org/sites/all/themes/jdem2012/styles/images/icones/twitter.png]
[www.jeunes-democrates.org/sites/all/themes/jdem2012/styles/images/icones/newsletter.png]
[www.jeunes-democrates.org/sites/all/themes/jdem2012/styles/images/icones/dailymotion.png]
[www.jeunes-democrates.org/sites/all/themes/jdem2012/styles/images/icones/rss.png]
[www.jeunes-democrates.org/article/2015/12/rencontre-avec-deux-jeunes-candidates-aux-regionales.html]
[www.jeunes-democrates.org/sites/default/files/styles/flexslider_full/public/charlotte-baelde-eleonore-leprettre0b66.jpg]
[www.jeunes-democrates.org/article/2015/05/les-jeunes-democrates-reunis-dijon-avant-les-regionales.html]
[www.jeunes-democrates.org/sites/default/files/styles/flexslider_full/public/printemps-des-democrates-2015dd80.jpg]
[www.jeunes-democrates.org/article/2014/05/lettre-france-vous-etes-la-politique-assumez-vous.html]
[www.jeunes-democrates.org/sites/default/files/styles/flexslider_full/public/jeunessece63.jpg]
[www.jeunes-democrates.org/article/2014/02/reformons-la-securite-sociale-etudiante.html]
[www.jeunes-democrates.org/sites/default/files/styles/flexslider_full/public/visuel-mutuelles-etudiantes-pour-site20d1.png]
[www.jeunes-democrates.org/article/2016/03/resultats-du-second-tour-de-l-election-du-president-et-du-bureau-national.html]
[www.jeunes-democrates.org/sites/default/files/styles/thumbnail/public/photo-antonin-grele8f85.jpg]
[www.jeunes-democrates.org/article/2016/03/second-tour-de-l-election-nationale-des-jeunes-democrates.html]
[www.jeunes-democrates.org/sites/default/files/styles/thumbnail/public/election-20163708.jpg]
[www.jeunes-democrates.org/article/2016/02/resultats-du-1er-tour-et-organisation-du-2nd-tour.html]
[www.jeunes-democrates.org/article/2016/02/professions-de-foi-des-listes-candidates.html]
[www.jeunes-democrates.org/article/2016/01/listes-candidates-au-renouvellement-de-la-presidence-et-du-bureau-national.html]
[www.jeunes-democrates.org/article/2016/01/appel-candidatures-pour-l-election-du-president-et-du-bureau-national.html]
[www.jeunes-democrates.org/sites/default/files/styles/thumbnail/public/cover-election-nationale2756.jpg]
[www.jeunes-democrates.org/sites/default/files/styles/thumbnail/public/charlotte-baelde-eleonore-leprettre486d.jpg]
[www.jeunes-democrates.org/article/2015/10/l-europe-ne-doit-pas-rester-passive-face-l-attitude-du-gouvernement-hongrois.html]
[www.jeunes-democrates.org/sites/default/files/styles/thumbnail/public/12028651_1144830742213352_5126223135105292460_oa714.jpg]
[www.jeunes-democrates.org/article/2015/08/un-plan-pour-l-education.html]
[www.jeunes-democrates.org/sites/default/files/styles/thumbnail/public/visuel-verites-qui-derangent_0df64.png]
[www.jeunes-democrates.org/article/2015/08/universite-de-rentree-2015.html]
[www.jeunes-democrates.org/sites/default/files/styles/thumbnail/public/visuel-ur2015600b.png]
[www.jeunes-democrates.org/article/2015/06/summer-academy-de-l-adle-bruxelles.html]
[www.jeunes-democrates.org/sites/default/files/styles/thumbnail/public/site-cover-summeracademy65a6.jpg]
[www.jeunes-democrates.org/article/2015/05/seminaire-europeen-frontieres-europeennes.html]
[www.jeunes-democrates.org/sites/default/files/styles/thumbnail/public/cover-site-seminaire-frontieres-europeennes-30dfe.jpg]
[www.jeunes-democrates.org/sites/default/files/styles/thumbnail/public/printemps-des-democrates-2015e7e4.jpg]
[www.jeunes-democrates.org/article/2015/04/developpons-des-champions-europeens-pour-rivaliser-avec-les-geants-mondiaux.html]
[www.jeunes-democrates.org/sites/default/files/styles/thumbnail/public/itele-pulvar-carette814c.png]
[www.jeunes-democrates.org/article/2015/03/la-jeunesse-europeenne-appelle-un-internet-libre.html]
[www.jeunes-democrates.org/sites/default/files/styles/thumbnail/public/youth4netneutrality_-_copiedfab.png]
[www.jeunes-democrates.org/node2679.html]
[www.jeunes-democrates.org/node4658.html]
[www.jeunes-democrates.org/categories/idees]
[www.jeunes-democrates.org/search/taxonomy OR term OR 1]
[www.jeunes-democrates.org/categories/nos-actions]
[www.jeunes-democrates.org/search/categories OR nos OR actions]
[www.jeunes-democrates.org/faire-un-don-0]
[www.jeunes-democrates.org/eform/submit/inscription.html]
[www.jeunes-democrates.org/categories/idees.60.delayed]
[www.jeunes-democrates.org/search/taxonomy OR term OR 1]
[www.jeunes-democrates.org/categories/editos]
[www.jeunes-democrates.org/search/taxonomy OR term OR 6]
[www.jeunes-democrates.org/index.html]
[www.jeunes-democrates.org/sites/all/modules/lightbox2/js/lightbox4eb8.js]
[www.jeunes-democrates.org/search/taxonomy OR term OR 1]
[www.jeunes-democrates.org/categories/editos]
[www.jeunes-democrates.org/search/taxonomy OR term OR 6]
[www.jeunes-democrates.org/search/taxonomy OR term OR 1]
[www.jeunes-democrates.org/categories/nos-actions]
[www.jeunes-democrates.org/search/categories OR nos OR actions]
[www.jeunes-democrates.org/faire-un-don-0]
[www.jeunes-democrates.org/search/taxonomy OR term OR 1]
[www.jeunes-democrates.org/categories/editos]
[www.jeunes-democrates.org/search/taxonomy OR term OR 6]
[www.jeunes-democrates.org/node.html]
[www.jeunes-democrates.org/misc/throbber-inactive.png]
[www.jeunes-democrates.org/misc/throbber-active.gif]
[www.jeunes-democrates.org/misc/grippie.png]
[www.jeunes-democrates.org/misc/draggable.png]
[www.jeunes-democrates.org/misc/tree.png]
[www.jeunes-democrates.org/misc/tree-bottom.png]
[www.jeunes-democrates.org/misc/menu-expanded.png]
[www.jeunes-democrates.org/misc/menu-collapsed.png]
[www.jeunes-democrates.org/misc/menu-leaf.png]
[www.jeunes-democrates.org/misc/message-24-ok.png]
[www.jeunes-democrates.org/misc/message-24-warning.png]
[www.jeunes-democrates.org/misc/message-24-error.png]
[www.jeunes-democrates.org/misc/help.png]
[www.jeunes-democrates.org/misc/progress.gif]
[www.jeunes-democrates.org/sites/default/files/css/css_xE-rWrJf-fncB6ztZfd2huxqgxu4WO-qwma6Xer30m4.css]
[www.jeunes-democrates.org/sites/all/libraries/flexslider/theme/bg_direction_nav.png]
[www.jeunes-democrates.org/sites/default/files/css/css_nAwwQ5p0fOFi2qCTcWWCRPsnUJlPSDrYiWHHykEr4A0.css]
[www.jeunes-democrates.org/sites/all/libraries/flexslider/theme/bg_control_nav.png]
[www.jeunes-democrates.org/sites/default/files/css/css_Mez_czkoGW71LHhBWH3Yux9pTjb6VWMQtXzzT6mr37E.css]
[www.jeunes-democrates.org/sites/all/modules/ctools/images/status-active.gif]
[www.jeunes-democrates.org/sites/all/modules/lightbox2/images/prev_alt.gif]
[www.jeunes-democrates.org/sites/all/modules/lightbox2/images/next_alt.gif]
[www.jeunes-democrates.org/sites/all/modules/lightbox2/images/overlay.png]
[www.jeunes-democrates.org/sites/all/modules/lightbox2/images/close.gif]
[www.jeunes-democrates.org/sites/all/modules/lightbox2/images/loading.gif]
[www.jeunes-democrates.org/sites/all/modules/lightbox2/images/expand.gif]
[www.jeunes-democrates.org/sites/all/modules/lightbox2/images/contract.gif]
[www.jeunes-democrates.org/sites/all/modules/lightbox2/images/play.png]
[www.jeunes-democrates.org/sites/default/files/css/css_UvHvKR3Lx3kb_spQvVW5kf_92jDP8dnC9HBRe8ruqKY.css]
[www.jeunes-democrates.org/sites/all/modules/lightbox2/images/pause.png]
[www.jeunes-democrates.org/sites/all/themes/jdem2012/styles/images/twitter-post.png]
[www.jeunes-democrates.org/sites/all/themes/jdem2012/styles/images/twitter-time-stamp.png]
[www.jeunes-democrates.org/sites/all/themes/jdem2012/styles/images/flex/arrows.png]
[www.jeunes-democrates.org/sites/all/themes/jdem2012/styles/images/flex/bg_bullets.png]
[www.jeunes-democrates.org/sites/default/files/css/css_IfTywpfQjn8VOswZya8BrW4yjTceZ2Sa4-cWEay0m6Y.css]
[www.jeunes-democrates.org/sites/default/files/js/js_-s33xSlesf9a1N3uF4ZOfEzTfj7V55k1PpwCULbHPBY.js]
[www.jeunes-democrates.org/sites/all/modules/lightbox2/js/lightbox24ec.js]
[www.jeunes-democrates.org/sites/default/files/js/js_r9p12DhdkpD6Skcv5P884Yym85k42EITbZQyqMIN81c.js]
[www.jeunes-democrates.org/search/taxonomy OR term OR 1]
[www.jeunes-democrates.org/categories/editos]
[www.jeunes-democrates.org/search/taxonomy OR term OR 6]
[www.jeunes-democrates.org/sites/default/files/styles/bandeau/public/teste463.png]
[www.jeunes-democrates.org/search/taxonomy OR term OR 1.99.delayed]
[www.jeunes-democrates.org/categories/nos-actions]
[www.jeunes-democrates.org/search/categories OR nos OR actions]
[www.jeunes-democrates.org/faire-un-don-0]
[www.jeunes-democrates.org/categories/editos]
[www.jeunes-democrates.org/search/taxonomy OR term OR 6]
[www.jeunes-democrates.org/qui-sommes-nous.html]
[www.jeunes-democrates.org/sites/all/modules/lightbox2/js/lightbox9931.js]
[www.jeunes-democrates.org/categories/editos]
[www.jeunes-democrates.org/search/taxonomy OR term OR 6]
[www.jeunes-democrates.org/sites/default/files/styles/bandeau/public/b-site3_455b4.jpg]
[www.jeunes-democrates.org/categories/nos-actions.a9.delayed]
[www.jeunes-democrates.org/search/categories OR nos OR actions]
[www.jeunes-democrates.org/faire-un-don-0]
[www.jeunes-democrates.org/categories/editos]
[www.jeunes-democrates.org/search/taxonomy OR term OR 6]
[www.jeunes-democrates.org/notre-equipe.html]
[www.jeunes-democrates.org/sites/default/files/photo_rectangle.jpg]
[www.jeunes-democrates.org/sites/all/modules/lightbox2/js/lightbox5d66.js]
[www.jeunes-democrates.org/categories/editos.b4.delayed]
[www.jeunes-democrates.org/search/taxonomy OR term OR 6]
[www.jeunes-democrates.org/sites/default/files/styles/medium/public/photo_rectangle8ae0.jpg]
[www.jeunes-democrates.org/search/categories OR nos OR actions]
[www.jeunes-democrates.org/faire-un-don-0]
[www.jeunes-democrates.org/search/taxonomy OR term OR 6]
[www.jeunes-democrates.org/le-president.html]
[www.jeunes-democrates.org/sites/default/files/css/css_lCWDxk_YaADWhyeHVFaQ4DxOY2wcMDyoxJ7PGuVA_Ac.css]
[www.jeunes-democrates.org/sites/all/modules/lightbox2/js/lightbox8083.js]
[www.jeunes-democrates.org/sites/default/files/js/js_2uCvrTKoYAiv3fNk5DVarAltiR7Z3MzWZU0UpVZ6wOk.js]
[www.jeunes-democrates.org/search/taxonomy OR term OR 6]
[www.jeunes-democrates.org/sites/default/files/styles/portrait/public/alheritiere91c4.jpg]
[www.jeunes-democrates.org/sites/default/files/styles/portrait/public/bessaac669.jpg]
[www.jeunes-democrates.org/sites/default/files/styles/portrait/public/bischoffe993e.jpg]
[www.jeunes-democrates.org/sites/default/files/styles/portrait/public/brunner5275.jpg]
[www.jeunes-democrates.org/sites/default/files/styles/portrait/public/camescasse0525.jpg]
[www.jeunes-democrates.org/sites/default/files/styles/portrait/public/photo-cv-20124621.png]
[www.jeunes-democrates.org/sites/default/files/styles/portrait/public/charvillat6e04.jpg]
[www.jeunes-democrates.org/sites/default/files/styles/portrait/public/208933_10150868286169607_144274549_n4aa8.jpg]
[www.jeunes-democrates.org/sites/default/files/styles/portrait/public/courtin446a.jpg]
[www.jeunes-democrates.org/sites/default/files/styles/portrait/public/crespi9fde.jpg]
[www.jeunes-democrates.org/sites/default/files/styles/portrait/public/da-silvae983.jpg]
[www.jeunes-democrates.org/sites/default/files/styles/portrait/public/daloz_0bb42.jpg]
[www.jeunes-democrates.org/sites/default/files/styles/portrait/public/deneuvefe34.jpg]
[www.jeunes-democrates.org/sites/default/files/styles/portrait/public/fialon46d3.jpg]
[www.jeunes-democrates.org/sites/default/files/styles/portrait/public/fleurye3f6.jpg]
[www.jeunes-democrates.org/sites/default/files/styles/portrait/public/girec84a.jpg]
[www.jeunes-democrates.org/sites/default/files/styles/portrait/public/10254023_10203610075882330_4579367993064902178_n59fd.jpg]
[www.jeunes-democrates.org/sites/default/files/styles/portrait/public/greleedb4.jpg]
[www.jeunes-democrates.org/sites/default/files/styles/portrait/public/guillerm-d25a7.jpg]
[www.jeunes-democrates.org/sites/default/files/styles/portrait/public/guillerm-cf9d7.jpg]
[www.jeunes-democrates.org/sites/default/files/styles/portrait/public/guillonb2cc.jpg]
[www.jeunes-democrates.org/sites/default/files/styles/portrait/public/hoffmannddd3.jpg]
[www.jeunes-democrates.org/sites/default/files/styles/portrait/public/jabet408a.jpg]
[www.jeunes-democrates.org/sites/default/files/styles/portrait/public/534719_10151166026230878_1799980026_n9eec.jpg]
[www.jeunes-democrates.org/sites/default/files/styles/portrait/public/lamotte61c1.jpg]
[www.jeunes-democrates.org/sites/default/files/styles/portrait/public/lefebvreef9b.jpg]
[www.jeunes-democrates.org/sites/default/files/styles/portrait/public/lucas6427.jpg]
[www.jeunes-democrates.org/sites/default/files/styles/portrait/public/lutz4229.jpg]
[www.jeunes-democrates.org/sites/default/files/styles/portrait/public/marani9577.jpg]
[www.jeunes-democrates.org/sites/default/files/styles/portrait/public/65938_760081300704553_4867674466238457090_ncfcd.jpg]
[www.jeunes-democrates.org/sites/default/files/styles/portrait/public/mestelan897f.jpg]
[www.jeunes-democrates.org/sites/default/files/styles/portrait/public/morin3e06.jpg]
[www.jeunes-democrates.org/sites/default/files/styles/portrait/public/niuboc826.jpg]
[www.jeunes-democrates.org/sites/default/files/styles/portrait/public/siouville8091.jpg]
[www.jeunes-democrates.org/sites/default/files/styles/portrait/public/vasquez2f0e.jpg]
[www.jeunes-democrates.org/search/categories OR nos OR actions]
[www.jeunes-democrates.org/faire-un-don-0]
[www.jeunes-democrates.org/search/taxonomy OR term OR 6]
[www.jeunes-democrates.org/contenu/le-bureau-national.html]
[www.jeunes-democrates.org/sites/all/modules/lightbox2/js/lightbox24bf.js]
[www.jeunes-democrates.org/search/taxonomy OR term OR 6]
[www.jeunes-democrates.org/sites/default/files/styles/bandeau/public/b-site3_3f64a.jpg]
[www.jeunes-democrates.org/search/categories OR nos OR actions]
[www.jeunes-democrates.org/faire-un-don-0]
[www.jeunes-democrates.org/search/taxonomy OR term OR 6]
[www.jeunes-democrates.org/notre-fonctionnement.html]
[www.jeunes-democrates.org/sites/all/modules/lightbox2/js/lightbox307f.js]
[www.jeunes-democrates.org/search/taxonomy OR term OR 6]
[www.jeunes-democrates.org/sites/default/files/styles/bandeau/public/b-site3f276.jpg]
[www.jeunes-democrates.org/search/categories OR nos OR actions]
[www.jeunes-democrates.org/faire-un-don-0]
[www.jeunes-democrates.org/search/taxonomy OR term OR 6]
[www.jeunes-democrates.org/les-statuts.html]
[www.jeunes-democrates.org/sites/all/modules/lightbox2/js/lightbox5dde.js]
[www.jeunes-democrates.org/search/taxonomy OR term OR 6]
[www.jeunes-democrates.org/sites/default/files/styles/bandeau/public/b-site2_0b8f1.jpg]
[www.jeunes-democrates.org/search/categories OR nos OR actions]
[www.jeunes-democrates.org/faire-un-don-0]
[www.jeunes-democrates.org/search/taxonomy OR term OR 6]
[www.jeunes-democrates.org/reglement-interieur.html]
[www.jeunes-democrates.org/search/taxonomy OR term OR 6]
[www.jeunes-democrates.org/sites/all/modules/lightbox2/js/lightbox73eb.js]
[www.jeunes-democrates.org/sites/default/files/styles/bandeau/public/b-site276ac.jpg]
[www.jeunes-democrates.org/search/categories OR nos OR actions]
[www.jeunes-democrates.org/faire-un-don-0]
[www.jeunes-democrates.org/search/taxonomy OR term OR 6]
[www.jeunes-democrates.org/la-commission-d-arbitrage.html]
[www.jeunes-democrates.org/sites/default/files/css/css_Q7R7Blo9EYqLDI5rIlO_T3uTFBjIXjLpcqMHjTvVdmg.css]
[www.jeunes-democrates.org/sites/default/files/css/css_ovqWdS8P2W45-ZDC7ViQ7eDJ5BLtofZm6PcS5SzcXVQ.css]
[www.jeunes-democrates.org/sites/all/modules/lightbox2/js/lightboxedea.js]
[www.jeunes-democrates.org/sites/default/files/js/js_VF_U9sV3e1B-pvdFznB-Aj95dkQHL9Tk1tNLfLac63M.js]
[www.jeunes-democrates.org/search/taxonomy OR term OR 6]
[www.jeunes-democrates.org/sites/default/files/js/js_LF9Se4XnLQ7qu41AsQ3EQ26-aoxZajSW-8lcLbZIJTM.js]
[www.jeunes-democrates.org/search/categories OR nos OR actions]
[www.jeunes-democrates.org/faire-un-don-0]
[www.jeunes-democrates.org/sites/default/files/js/js_fvKBMU1a2vIPB4PaGYdP8kH1zJ10HxyYq9AdbzQFbWM.js]
[www.jeunes-democrates.org/search/taxonomy OR term OR 6]
[www.jeunes-democrates.org/vos-contacts-locaux.html]
[www.jeunes-democrates.org/sites/default/files/css/css_9izYcnrsV9dpWn2xY04N2tt4dl7Uv4AQRRnq-GxngqE.css]
[www.jeunes-democrates.org/sites/all/modules/lightbox2/js/lightbox28ef.js]
[www.jeunes-democrates.org/search/taxonomy OR term OR 6]
[www.jeunes-democrates.org/search/categories OR nos OR actions]
[www.jeunes-democrates.org/faire-un-don-0]
[www.jeunes-democrates.org/search/taxonomy OR term OR 6]
[www.jeunes-democrates.org/search/node.html]
[www.jeunes-democrates.org/sites/all/modules/lightbox2/js/lightbox6c1b.js]
[www.jeunes-democrates.org/search/taxonomy OR term OR 6]
[www.jeunes-democrates.org/sites/default/files/styles/bandeau/public/bandeau-equipe-europee5c8.png]
[www.jeunes-democrates.org/search/categories OR nos OR actions]
[www.jeunes-democrates.org/faire-un-don-0]
[www.jeunes-democrates.org/search/taxonomy OR term OR 6]
[www.jeunes-democrates.org/pour-l-europe.html]
[www.jeunes-democrates.org/search/taxonomy OR term OR 6]
[www.jeunes-democrates.org/sites/default/files/styles/bandeau/public/b-site3_0a7c4.jpg]
[www.jeunes-democrates.org/sites/all/modules/lightbox2/js/lightbox7099.js]
[www.jeunes-democrates.org/modules/file/icons/application-pdf.png]
[www.jeunes-democrates.org/sites/default/files/charte_des_valeurs.pdf]
[www.jeunes-democrates.org/search/categories OR nos OR actions]
[www.jeunes-democrates.org/faire-un-don-0]
[www.jeunes-democrates.org/search/taxonomy OR term OR 6]
[www.jeunes-democrates.org/le-mouvement-democrate.html]
[www.jeunes-democrates.org/sites/default/files/monnet-schuman.jpg]
[www.jeunes-democrates.org/sites/all/modules/lightbox2/js/lightbox427a.js]
[www.jeunes-democrates.org/search/taxonomy OR term OR 6]
[www.jeunes-democrates.org/sites/default/files/styles/bandeau/public/bandeau-notre-histoire_0a97d.png]
[www.jeunes-democrates.org/sites/default/files/styles/medium/public/monnet-schumana912.jpg]
[www.jeunes-democrates.org/search/categories OR nos OR actions]
[www.jeunes-democrates.org/faire-un-don-0]
[www.jeunes-democrates.org/search/taxonomy OR term OR 6]
[www.jeunes-democrates.org/notre-histoire-nos-racines.html]
[www.jeunes-democrates.org/files/notre_manifeste/BookReader/BookReader.css]
[www.jeunes-democrates.org/files/notre_manifeste/Manifeste/BookReaderDemo.css]
[www.jeunes-democrates.org/files/notre_manifeste/BookReader/BookReader.js]
[www.jeunes-democrates.org/files/notre_manifeste/Manifeste/BookReaderJSSimple.js]
[www.jeunes-democrates.org/files/notre_manifeste/Manifeste/manifeste.html]
[www.jeunes-democrates.org/sites/all/modules/lightbox2/js/lightbox7276.js]
[www.jeunes-democrates.org/search/taxonomy OR term OR 6]
[www.jeunes-democrates.org/sites/default/files/styles/bandeau/public/b-site1_0530d.jpg]
[www.jeunes-democrates.org/files/europe.pdf]
[www.jeunes-democrates.org/article/que-l-initiative-citoyenne-europeenne-ne-soit-pas-une-blague-de-plus.html]
[www.jeunes-democrates.org/search/categories OR nos OR actions]
[www.jeunes-democrates.org/faire-un-don-0]
[www.jeunes-democrates.org/search/taxonomy OR term OR 6]
[www.jeunes-democrates.org/europe-federale.html]
[www.jeunes-democrates.org/sites/all/modules/lightbox2/js/lightboxdb9d.js]
[www.jeunes-democrates.org/search/taxonomy OR term OR 6]
[www.jeunes-democrates.org/sites/default/files/styles/bandeau/public/b-site2_1808c.jpg]
[www.jeunes-democrates.org/files/etat_moderne.pdf]
[www.jeunes-democrates.org/article/demission-de-cahuzac-cbonpourlamorale.html]
[www.jeunes-democrates.org/search/categories OR nos OR actions]
[www.jeunes-democrates.org/faire-un-don-0]
[www.jeunes-democrates.org/search/taxonomy OR term OR 6]
[www.jeunes-democrates.org/etat-moderne.html]
[www.jeunes-democrates.org/sites/all/modules/lightbox2/js/lightboxd2e1.js]
[www.jeunes-democrates.org/search/taxonomy OR term OR 6]
[www.jeunes-democrates.org/sites/default/files/styles/bandeau/public/b-site3_1a87d.jpg]
[www.jeunes-democrates.org/files/regions_fortes.pdf]
[www.jeunes-democrates.org/article/alsace-une-rationalisation-manquee.html]
[www.jeunes-democrates.org/search/categories OR nos OR actions]
[www.jeunes-democrates.org/faire-un-don-0]
[www.jeunes-democrates.org/search/taxonomy OR term OR 6]
[www.jeunes-democrates.org/regions-fortes.html]
[www.jeunes-democrates.org/sites/all/modules/lightbox2/js/lightboxf67d.js]
[www.jeunes-democrates.org/search/taxonomy OR term OR 6]
[www.jeunes-democrates.org/sites/default/files/styles/bandeau/public/b-site1_18260.jpg]
[www.jeunes-democrates.org/search/categories OR nos OR actions]
[www.jeunes-democrates.org/faire-un-don-0]
[www.jeunes-democrates.org/search/taxonomy OR term OR 6]
[www.jeunes-democrates.org/metropoles-d-avenir.html]
[www.jeunes-democrates.org/environnement-preserve]
[www.jeunes-democrates.org/sites/all/modules/lightbox2/js/lightboxccb0.js]
[www.jeunes-democrates.org/search/taxonomy OR term OR 6]
[www.jeunes-democrates.org/sites/default/files/styles/bandeau/public/b-site2_2a54c.jpg]
[www.jeunes-democrates.org/files/economie_competitive.pdf]
[www.jeunes-democrates.org/search/categories OR nos OR actions]
[www.jeunes-democrates.org/faire-un-don-0]
[www.jeunes-democrates.org/search/taxonomy OR term OR 6]
[www.jeunes-democrates.org/economie-competitive.html]
[www.jeunes-democrates.org/sites/all/modules/lightbox2/js/lightboxb69f.js]
[www.jeunes-democrates.org/search/taxonomy OR term OR 6]
[www.jeunes-democrates.org/sites/default/files/styles/bandeau/public/b-site3_2c195.jpg]
[www.jeunes-democrates.org/files/societe_solidaire.pdf]
[www.jeunes-democrates.org/article/un-pacte-pour-le-logement-oui-mais-certaines-conditions.html]
[www.jeunes-democrates.org/article/journee-internationale-de-lutte-contre-le-racisme.html]
[www.jeunes-democrates.org/article/la-journee-internationale-de-la-femme-c-est-bien-l-egalite-hommes-femmes-toute-l-annee-c-est.html]
[www.jeunes-democrates.org/search/categories OR nos OR actions]
[www.jeunes-democrates.org/faire-un-don-0]
[www.jeunes-democrates.org/search/taxonomy OR term OR 6]
[www.jeunes-democrates.org/societe-solidaire.html]
[www.jeunes-democrates.org/sites/all/modules/lightbox2/js/lightbox9a6d.js]
[www.jeunes-democrates.org/search/taxonomy OR term OR 6]
[www.jeunes-democrates.org/sites/default/files/styles/bandeau/public/b-site2_37f91.jpg]
[www.jeunes-democrates.org/files/education_epanouissante.pdf]
[www.jeunes-democrates.org/search/categories OR nos OR actions.1f5.delayed]
[www.jeunes-democrates.org/faire-un-don-0]
[www.jeunes-democrates.org/search/taxonomy OR term OR 6]
[www.jeunes-democrates.org/education-epanouissante.html]
[www.jeunes-democrates.org/sites/all/modules/lightbox2/js/lightboxa8c4.js]
[www.jeunes-democrates.org/search/taxonomy OR term OR 6]
[www.jeunes-democrates.org/sites/default/files/styles/bandeau/public/bandeau-don-2_0bfe3.png]
[www.jeunes-democrates.org/adherer]
[www.jeunes-democrates.org/faire-un-don-0]
[www.jeunes-democrates.org/search/taxonomy OR term OR 6]
[www.jeunes-democrates.org/nous-soutenir.html]
[www.jeunes-democrates.org/sites/all/modules/lightbox2/js/lightboxd0bb.js]
[www.jeunes-democrates.org/search/taxonomy OR term OR 6]
[www.jeunes-democrates.org/sites/default/files/styles/bandeau/public/bandeau-adheredf31.png]
[www.jeunes-democrates.org/faire-un-don-0.216.delayed]
[www.jeunes-democrates.org/search/taxonomy OR term OR 6]
[www.jeunes-democrates.org/rejoins-tes-idees-adhere.html]
[www.jeunes-democrates.org/sites/all/modules/lightbox2/js/lightboxa5d3.js]
[www.jeunes-democrates.org/search/taxonomy OR term OR 6]
[www.jeunes-democrates.org/sites/default/files/styles/bandeau/public/bandeau-don-206bf.png]
[www.jeunes-democrates.org/search/taxonomy OR term OR 6.229.delayed]
[www.jeunes-democrates.org/faire-un-don.html]
[www.jeunes-democrates.org/sites/all/modules/lightbox2/js/lightbox1400.js]
[www.jeunes-democrates.org/files/logo-jdem-orange.png]
[www.jeunes-democrates.org/files/logo-jdem-pochoir.png]
[www.jeunes-democrates.org/files/Alsace.png]
[www.jeunes-democrates.org/files/Aquitaine.png]
[www.jeunes-democrates.org/files/Auvergne.png]
[www.jeunes-democrates.org/files/Basse-Normandie.png]
[www.jeunes-democrates.org/files/Bourgogne.png]
[www.jeunes-democrates.org/files/Bretagne.png]
[www.jeunes-democrates.org/files/Centre.png]
[www.jeunes-democrates.org/files/Champagne-Ardenne.png]
[www.jeunes-democrates.org/files/Europe.png]
[www.jeunes-democrates.org/files/Franche-Comte.png]
[www.jeunes-democrates.org/files/Haute-Normandie.png]
[www.jeunes-democrates.org/files/ile_de_france.png]
[www.jeunes-democrates.org/files/Languedoc-Roussillon.png]
[www.jeunes-democrates.org/files/Limousin.png]
[www.jeunes-democrates.org/files/Lorraine.png]
[www.jeunes-democrates.org/files/Martinique.png]
[www.jeunes-democrates.org/files/Midi-Pyrenees.png]
[www.jeunes-democrates.org/files/Nord-Pas de Calais.png]
[www.jeunes-democrates.org/files/Paris.png]
[www.jeunes-democrates.org/files/Pays de la Loire.png]
[www.jeunes-democrates.org/files/Picardie.png]
[www.jeunes-democrates.org/files/Poitou-Charentes.png]
[www.jeunes-democrates.org/files/Provence-Alpes-Cote-d-Azur.png]
[www.jeunes-democrates.org/files/Reunion.png]
[www.jeunes-democrates.org/files/Rhone-Alpes.png]
[www.jeunes-democrates.org/militer-avec-nous.html]
[www.jeunes-democrates.org/sites/default/files/css/css_IjVDL-ZVE5VXwAMiNOtvj8kUoE0ESNenqVTFGzGmD7g.css]
[www.jeunes-democrates.org/sites/default/files/css/css_mLyhiFTFoFR_lkXpazZa1oxSfuoYEk4LsweHAzNgYPQ.css]
[www.jeunes-democrates.org/sites/all/modules/lightbox2/js/lightbox3f32.js]
[www.jeunes-democrates.org/sites/default/files/js/js_HbE2XwzjmAgINxgddfJIkmp_TqZJiMR223hyz8f84-0.js]
[www.jeunes-democrates.org/sites/default/files/js/js_8ExITC0GXotSondzg2nOzyq3DYrXFHpdUutdCXwHINQ.js]
[www.jeunes-democrates.org/sites/all/themes/jdem2012/images/bandeau-newsletter.png]
[www.jeunes-democrates.org/newsletter.html]
[www.jeunes-democrates.org/sites/default/files/js/js_ODJ6bm81LGqKI0fz_iqlClZekSjIjc_xiRlzGd1CaPY.js]
[www.jeunes-democrates.org/sites/all/modules/lightbox2/js/lightbox812b.js]
[www.jeunes-democrates.org/sites/default/files/js/js_6UmyHTU1oF3J43ZC2dOrTHPW8OmhwuVSWFPrxV_N8R4.js]
[www.jeunes-democrates.org/sites/default/files/js/js_rR_bOL91LIMNYRdYNb4bPQ9BznshSoMmA2CyUX2LXrI.js]
[www.jeunes-democrates.org/contact.html]
[www.jeunes-democrates.org/image_captchab821.jpg]
[www.jeunes-democrates.org/sites/default/files/charlotte-baelde-eleonore-leprettre.jpg]
[www.jeunes-democrates.org/sites/all/modules/lightbox2/js/lightboxc0fb.js]
[www.jeunes-democrates.org/sites/default/files/styles/medium/public/charlotte-baelde-eleonore-leprettre97e6.jpg]
[www.jeunes-democrates.org/categories/sur-le-terrain]
[www.jeunes-democrates.org/search/taxonomy OR term OR 4]
[www.jeunes-democrates.org/article/2015/12/rencontre-avec-deux-jeunes-candidates-aux-regionales.html]
[www.jeunes-democrates.org/sites/default/files/printemps-des-democrates-2015.jpg]
[www.jeunes-democrates.org/sites/default/files/styles/medium/public/printemps-des-democrates-2015e2c5.jpg]
[www.jeunes-democrates.org/sites/all/modules/lightbox2/js/lightboxe8f8.js]
[www.jeunes-democrates.org/categories/dans-la-presse]
[www.jeunes-democrates.org/search/taxonomy OR term OR 2]
[www.jeunes-democrates.org/article/2015/05/les-jeunes-democrates-reunis-dijon-avant-les-regionales.html]
[www.jeunes-democrates.org/sites/default/files/jeunesse.jpg]
[www.jeunes-democrates.org/sites/default/files/styles/medium/public/jeunessef2f5.jpg]
[www.jeunes-democrates.org/sites/all/modules/lightbox2/js/lightbox6865.js]
[www.jeunes-democrates.org/article/2014/05/lettre-france-vous-etes-la-politique-assumez-vous.html]
[www.jeunes-democrates.org/sites/default/files/visuel-mutuelles-etudiantes-pour-site.png]
[www.jeunes-democrates.org/sites/all/modules/lightbox2/js/lightboxac19.js]
[www.jeunes-democrates.org/sites/default/files/styles/medium/public/visuel-mutuelles-etudiantes-pour-sited6f5.png]
[www.jeunes-democrates.org/article/2014/02/reformons-la-securite-sociale-etudiante.html]
[www.jeunes-democrates.org/sites/default/files/photo-antonin-grele.jpg]
[www.jeunes-democrates.org/sites/all/modules/lightbox2/js/lightbox56ef.js]
[www.jeunes-democrates.org/sites/default/files/styles/medium/public/photo-antonin-grelef0ac.jpg]
[www.jeunes-democrates.org/article/2016/03/resultats-du-second-tour-de-l-election-du-president-et-du-bureau-national.html]
[www.jeunes-democrates.org/sites/default/files/election-2016.jpg]
[www.jeunes-democrates.org/sites/all/modules/lightbox2/js/lightboxc733.js]
[www.jeunes-democrates.org/sites/default/files/styles/medium/public/election-2016a8d1.jpg]
[www.jeunes-democrates.org/sites/default/files/liste_relevedemocrate_0.pdf]
[www.jeunes-democrates.org/sites/default/files/pf_larelevedemocrate_2ndtour.pdf]
[www.jeunes-democrates.org/sites/default/files/liste_nouveauxdemocratesimpulsioncollective.pdf]
[www.jeunes-democrates.org/sites/default/files/pf_lesnouveauxdemocratesic_2ndtour.pdf]
[www.jeunes-democrates.org/article/2016/03/second-tour-de-l-election-nationale-des-jeunes-democrates.html]
[www.jeunes-democrates.org/sites/all/modules/lightbox2/js/lightboxdf2c.js]
[www.jeunes-democrates.org/article/2016/02/resultats-du-1er-tour-et-organisation-du-2nd-tour.html]
[www.jeunes-democrates.org/sites/all/modules/lightbox2/js/lightbox948a.js]
[www.jeunes-democrates.org/sites/default/files/profession_foi_larelevedemocrate_rbernardon.pdf]
[www.jeunes-democrates.org/sites/default/files/profession_foi_lesnouveauxdemocrates_agrele.pdf]
[www.jeunes-democrates.org/sites/default/files/profession_foi_impulsioncollective_szinnoury.pdf]
[www.jeunes-democrates.org/article/2016/02/professions-de-foi-des-listes-candidates.html]
[www.jeunes-democrates.org/sites/all/modules/lightbox2/js/lightboxdf30.js]
[www.jeunes-democrates.org/sites/default/files/liste_relevedemocrate.pdf]
[www.jeunes-democrates.org/sites/default/files/liste_nouveauxdemocrates.pdf]
[www.jeunes-democrates.org/sites/default/files/liste_impulsioncollective.pdf]
[www.jeunes-democrates.org/sites/default/files/calendrier_electoral_electionnationale_jdem.pdf]
[www.jeunes-democrates.org/sites/default/files/protocole_electoral_national_jdem.pdf]
[www.jeunes-democrates.org/article/2016/01/listes-candidates-au-renouvellement-de-la-presidence-et-du-bureau-national.html]
[www.jeunes-democrates.org/sites/default/files/cover-election-nationale.jpg]
[www.jeunes-democrates.org/sites/all/modules/lightbox2/js/lightbox63e4.js]
[www.jeunes-democrates.org/sites/default/files/styles/medium/public/cover-election-nationalea7a5.jpg]
[www.jeunes-democrates.org/sites/default/files/bulletin_liste_jdem.pdf]
[www.jeunes-democrates.org/sites/default/files/conditions_eligibilite_electionnationale_jdem.pdf]
[www.jeunes-democrates.org/sites/default/files/declaration-candidature-individuelle-2016.pdf]
[www.jeunes-democrates.org/article/2016/01/appel-candidatures-pour-l-election-du-president-et-du-bureau-national.html]
[www.jeunes-democrates.org/sites/default/files/12028651_1144830742213352_5126223135105292460_o.jpg]
[www.jeunes-democrates.org/sites/default/files/styles/medium/public/12028651_1144830742213352_5126223135105292460_ofb40.jpg]
[www.jeunes-democrates.org/sites/all/modules/lightbox2/js/lightbox6e2d.js]
[www.jeunes-democrates.org/sites/default/files/20151006_manifeste_hongrie_fr_ld.pdf]
[www.jeunes-democrates.org/article/2015/10/l-europe-ne-doit-pas-rester-passive-face-l-attitude-du-gouvernement-hongrois.html]
[www.jeunes-democrates.org/sites/default/files/visuel-verites-qui-derangent_0.png]
[www.jeunes-democrates.org/sites/all/modules/lightbox2/js/lightbox40e8.js]
[www.jeunes-democrates.org/sites/default/files/styles/medium/public/visuel-verites-qui-derangent_0a61e.png]
[www.jeunes-democrates.org/sites/default/files/rapport_jeunes_democrates_-_reforme_du_college_et_de_l_enseignement_primaire_-_2015-07-27_-_v11.pdf]
[www.jeunes-democrates.org/article/2015/08/un-plan-pour-l-education.html]
[www.jeunes-democrates.org/sites/default/files/visuel-ur2015.png]
[www.jeunes-democrates.org/sites/all/modules/lightbox2/js/lightbox4b7f.js]
[www.jeunes-democrates.org/sites/default/files/styles/medium/public/visuel-ur20150ec3.png]
[www.jeunes-democrates.org/categories/sur-le-terrain.356.delayed]
[www.jeunes-democrates.org/search/taxonomy OR term OR 4]
[www.jeunes-democrates.org/article/2015/08/universite-de-rentree-2015.html]
[www.jeunes-democrates.org/sites/default/files/site-cover-summeracademy.jpg]
[www.jeunes-democrates.org/sites/all/modules/lightbox2/js/lightbox7caa.js]
[www.jeunes-democrates.org/sites/default/files/styles/medium/public/site-cover-summeracademyae39.jpg]
[www.jeunes-democrates.org/search/taxonomy OR term OR 4]
[www.jeunes-democrates.org/article/2015/06/summer-academy-de-l-adle-bruxelles.html]
[www.jeunes-democrates.org/sites/default/files/cover-site-seminaire-frontieres-europeennes-3.jpg]
[www.jeunes-democrates.org/sites/all/modules/lightbox2/js/lightbox11e2.js]
[www.jeunes-democrates.org/sites/default/files/styles/medium/public/cover-site-seminaire-frontieres-europeennes-3170d.jpg]
[www.jeunes-democrates.org/search/taxonomy OR term OR 4]
[www.jeunes-democrates.org/article/2015/05/seminaire-europeen-frontieres-europeennes.html]
[www.jeunes-democrates.org/sites/default/files/itele-pulvar-carette.png]
[www.jeunes-democrates.org/sites/all/modules/lightbox2/js/lightbox347d.js]
[www.jeunes-democrates.org/sites/default/files/styles/medium/public/itele-pulvar-carette2784.png]
[www.jeunes-democrates.org/categories/dans-la-presse.38c.delayed]
[www.jeunes-democrates.org/search/taxonomy OR term OR 2]
[www.jeunes-democrates.org/article/2015/04/developpons-des-champions-europeens-pour-rivaliser-avec-les-geants-mondiaux.html]
[www.jeunes-democrates.org/sites/default/files/youth4netneutrality_-_copie.png]
[www.jeunes-democrates.org/sites/all/modules/lightbox2/js/lightboxa6a1.js]
[www.jeunes-democrates.org/sites/default/files/styles/medium/public/youth4netneutrality_-_copie336f.png]
[www.jeunes-democrates.org/article/2015/03/la-jeunesse-europeenne-appelle-un-internet-libre.html]
[www.jeunes-democrates.org/sites/all/modules/lightbox2/js/lightbox2ced.js]
[www.jeunes-democrates.org/article/2015/01/appel-participer-aux-marches-republicaines-paris-et-partout-en-france.html]
[www.jeunes-democrates.org/sites/default/files/styles/thumbnail/public/je-suis-charlie8ac7.png]
[www.jeunes-democrates.org/article/2014/10/pour-une-education-veritablement-nationale.html]
[www.jeunes-democrates.org/sites/default/files/styles/thumbnail/public/pole-emploi-93-educnat778a.png]
[www.jeunes-democrates.org/article/2014/10/comment-les-citoyens-peuvent-ils-se-reapproprier-la-politique.html]
[www.jeunes-democrates.org/sites/default/files/styles/thumbnail/public/bandeau-place-au-orange-bourgoin6586.jpg]
[www.jeunes-democrates.org/article/2014/09/les-jeunes-democrates-soutiennent-la-campagne-heforshe.html]
[www.jeunes-democrates.org/sites/default/files/styles/thumbnail/public/logo-heforshe8172.png]
[www.jeunes-democrates.org/article/2014/07/cet-ete-montrons-nos-couleurs.html]
[www.jeunes-democrates.org/sites/default/files/styles/thumbnail/public/10382644_10152550872114178_5212979234242992916_n20df.jpg]
[www.jeunes-democrates.org/article/2014/07/bourse-madame-la-ministre-le-cours-du-merite-s-effondre.html]
[www.jeunes-democrates.org/sites/default/files/styles/thumbnail/public/41b265e7d0107c.jpg]
[www.jeunes-democrates.org/article/2014/06/l-espoir-reviendra-par-l-emploi.html]
[www.jeunes-democrates.org/sites/default/files/styles/thumbnail/public/5416360638_8da9705b31_zf5f7.jpg]
[www.jeunes-democrates.org/article/2014/06/genocide-des-tutsis-la-verite-maintenant.html]
[www.jeunes-democrates.org/sites/default/files/styles/thumbnail/public/logo-liberation9910.png]
[www.jeunes-democrates.org/article/2014/06/journee-mondiale-du-don-de-sang-les-homo-et-bisexuels-aussi-peuvent-sauver-des-vies.html]
[www.jeunes-democrates.org/sites/default/files/styles/thumbnail/public/don-du-sang-jdem-25ddf.jpg]
[www.jeunes-democrates.org/sites/default/files/styles/thumbnail/public/jeunessea5ee.jpg]
[www.jeunes-democrates.org/article/2014/05/la-lutte-contre-les-discriminations-au-coeur-d-un-projet-de-societe.html]
[www.jeunes-democrates.org/sites/default/files/styles/thumbnail/public/twitter3552f6c_jpg2eff.jpg]
[www.jeunes-democrates.org/article/2014/05/prenons-la-parole-sur-l-avenir-de-l-europe.html]
[www.jeunes-democrates.org/sites/default/files/styles/thumbnail/public/4_-_groupe_pe_24e66.jpg]
[www.jeunes-democrates.org/article/2014/04/non-la-suppression-des-apl-pour-les-etudiants-non-boursiers.html]
[www.jeunes-democrates.org/sites/default/files/styles/thumbnail/public/apl-aide-personnalisee-au-logement73d4.gif]
[www.jeunes-democrates.org/article/2014/02/encouragements-nos-athletes-paralympiques.html]
[www.jeunes-democrates.org/sites/default/files/styles/thumbnail/public/sochi-3559d.jpg]
[www.jeunes-democrates.org/article/2014/02/renouvellement-des-federations.html]
[www.jeunes-democrates.org/sites/default/files/styles/thumbnail/public/1546077_10152160427794780_527205714_n29f4.jpg]
[www.jeunes-democrates.org/node2679.html]
[www.jeunes-democrates.org/sites/all/modules/lightbox2/js/lightbox4fb8.js]
[www.jeunes-democrates.org/sites/default/files/styles/thumbnail/public/visuel-mutuelles-etudiantes-pour-sitec93c.png]
[www.jeunes-democrates.org/article/2014/01/2014-une-annee-electorale.html]
[www.jeunes-democrates.org/sites/default/files/styles/thumbnail/public/capture_decran_2014-01-31_a_18.04.54c7d8.png]
[www.jeunes-democrates.org/article/2014/01/zone-interdite-sur-le-handicap.html]
[www.jeunes-democrates.org/sites/default/files/styles/thumbnail/public/442934078c.jpg]
[www.jeunes-democrates.org/article/2014/01/les-actes-devront-suivre.html]
[www.jeunes-democrates.org/sites/default/files/styles/thumbnail/public/francois-hollande-conference-de-presse_0ab04.jpg]
[www.jeunes-democrates.org/article/2014/01/osez-tous-candidats.html]
[www.jeunes-democrates.org/sites/default/files/styles/thumbnail/public/sans_titre41f6.png]
[www.jeunes-democrates.org/node4658.html]
[www.jeunes-democrates.org/sites/all/modules/lightbox2/js/lightbox1ab7.js]
[www.jeunes-democrates.org/eform/submit/inscription.html]
[www.jeunes-democrates.org/sites/default/files/css/css_lCWDxk_YaADWhyeHVFaQ4DxOY2wcMDyoxJ7PGuVA_Ac.css]
[www.jeunes-democrates.org/sites/all/modules/jquery_update/replace/ui/themes/base/minified/images/ui-bg_flat_75_ffffff_40x100.png]
[www.jeunes-democrates.org/sites/all/modules/jquery_update/replace/ui/themes/base/minified/images/ui-bg_highlight-soft_75_cccccc_1x100.png]
[www.jeunes-democrates.org/sites/all/modules/jquery_update/replace/ui/themes/base/minified/images/ui-bg_glass_75_e6e6e6_1x400.png]
[www.jeunes-democrates.org/sites/all/modules/jquery_update/replace/ui/themes/base/minified/images/ui-bg_glass_75_dadada_1x400.png]
[www.jeunes-democrates.org/sites/all/modules/jquery_update/replace/ui/themes/base/minified/images/ui-bg_glass_65_ffffff_1x400.png]
[www.jeunes-democrates.org/sites/all/modules/jquery_update/replace/ui/themes/base/minified/images/ui-bg_glass_55_fbf9ee_1x400.png]
[www.jeunes-democrates.org/sites/all/modules/jquery_update/replace/ui/themes/base/minified/images/ui-bg_glass_95_fef1ec_1x400.png]
[www.jeunes-democrates.org/sites/all/modules/jquery_update/replace/ui/themes/base/minified/images/ui-icons_222222_256x240.png]
[www.jeunes-democrates.org/sites/all/modules/jquery_update/replace/ui/themes/base/minified/images/ui-icons_888888_256x240.png]
[www.jeunes-democrates.org/sites/all/modules/jquery_update/replace/ui/themes/base/minified/images/ui-icons_454545_256x240.png]
[www.jeunes-democrates.org/sites/all/modules/jquery_update/replace/ui/themes/base/minified/images/ui-icons_2e83ff_256x240.png]
[www.jeunes-democrates.org/sites/all/modules/jquery_update/replace/ui/themes/base/minified/images/ui-icons_cd0a0a_256x240.png]
[www.jeunes-democrates.org/sites/all/modules/jquery_update/replace/ui/themes/base/minified/images/ui-bg_flat_0_aaaaaa_40x100.png]
[www.jeunes-democrates.org/sites/default/files/css/css_Q7R7Blo9EYqLDI5rIlO_T3uTFBjIXjLpcqMHjTvVdmg.css]
[www.jeunes-democrates.org/sites/default/files/css/css_ovqWdS8P2W45-ZDC7ViQ7eDJ5BLtofZm6PcS5SzcXVQ.css]
[www.jeunes-democrates.org/sites/default/files/css/css_9izYcnrsV9dpWn2xY04N2tt4dl7Uv4AQRRnq-GxngqE.css]
[www.jeunes-democrates.org/files/notre_manifeste/BookReader/images/back_pages.png]
[www.jeunes-democrates.org/files/notre_manifeste/BookReader/images/booksplit.png]
[www.jeunes-democrates.org/files/notre_manifeste/BookReader/images/BRicons.png]
[www.jeunes-democrates.org/files/notre_manifeste/BookReader/images/LogoJDem.png]
[www.jeunes-democrates.org/files/notre_manifeste/BookReader/images/transparent.png]
[www.jeunes-democrates.org/files/notre_manifeste/BookReader/images/icon_close-pop.png]
[www.jeunes-democrates.org/files/notre_manifeste/BookReader/images/icon_OL-logo-xs.png]
[www.jeunes-democrates.org/files/notre_manifeste/BookReader/images/icon_alert-xs.png]
[www.jeunes-democrates.org/files/notre_manifeste/BookReader/images/slider.png]
[www.jeunes-democrates.org/files/notre_manifeste/BookReader/images/marker_chap-off.png]
[www.jeunes-democrates.org/files/notre_manifeste/BookReader/images/marker_chap-on.png]
[www.jeunes-democrates.org/files/notre_manifeste/BookReader/images/marker_srch-off.png]
[www.jeunes-democrates.org/files/notre_manifeste/BookReader/images/marker_srch-on.png]
[www.jeunes-democrates.org/files/notre_manifeste/BookReader/images/marker_srchchap-off.png]
[www.jeunes-democrates.org/files/notre_manifeste/BookReader/images/marker_srchchap-on.png]
[www.jeunes-democrates.org/files/notre_manifeste/BookReader/images/icon_zoomer.png]
[www.jeunes-democrates.org/files/notre_manifeste/BookReader/images/progressbar.gif]
[www.jeunes-democrates.org/files/notre_manifeste/BookReader/images/nav_control-up.png]
[www.jeunes-democrates.org/files/notre_manifeste/BookReader/images/nav_control-dn.png]
[www.jeunes-democrates.org/files/notre_manifeste/BookReader/BookReader.css]
[www.jeunes-democrates.org/files/notre_manifeste/Manifeste/email.png]
[www.jeunes-democrates.org/files/notre_manifeste/Manifeste/acheter.png]
[www.jeunes-democrates.org/files/notre_manifeste/Manifeste/partager.png]
[www.jeunes-democrates.org/files/notre_manifeste/Manifeste/integrer.png]
[www.jeunes-democrates.org/files/notre_manifeste/Manifeste/fiche.png]
[www.jeunes-democrates.org/files/notre_manifeste/Manifeste/video.png]
[www.jeunes-democrates.org/files/notre_manifeste/Manifeste/icon_close-pop.png]
[www.jeunes-democrates.org/files/notre_manifeste/Manifeste/BRicons.png]
[www.jeunes-democrates.org/files/notre_manifeste/Manifeste/nav_control-up.png]
[www.jeunes-democrates.org/files/notre_manifeste/Manifeste/nav_control-dn.png]
[www.jeunes-democrates.org/files/notre_manifeste/Manifeste/BookReaderDemo.css]
[www.jeunes-democrates.org/sites/default/files/eu-flag-620x340.jpg]
[www.jeunes-democrates.org/sites/all/modules/lightbox2/js/lightbox6290.js]
[www.jeunes-democrates.org/sites/default/files/styles/medium/public/eu-flag-620x3409e8c.jpg]
[www.jeunes-democrates.org/article/que-l-initiative-citoyenne-europeenne-ne-soit-pas-une-blague-de-plus.html]
[www.jeunes-democrates.org/sites/default/files/cahuzac_1.jpg]
[www.jeunes-democrates.org/sites/default/files/styles/medium/public/cahuzac_1f974.jpg]
[www.jeunes-democrates.org/sites/all/modules/lightbox2/js/lightbox74a5.js]
[www.jeunes-democrates.org/article/demission-de-cahuzac-cbonpourlamorale.html]
[www.jeunes-democrates.org/sites/default/files/alsace_1.png]
[www.jeunes-democrates.org/sites/all/modules/lightbox2/js/lightboxf8ed.js]
[www.jeunes-democrates.org/sites/default/files/styles/medium/public/alsace_1d013.png]
[www.jeunes-democrates.org/search/taxonomy OR term OR 4.44f.delayed]
[www.jeunes-democrates.org/article/alsace-une-rationalisation-manquee.html]
[www.jeunes-democrates.org/sites/all/modules/lightbox2/js/lightbox5887.js]
[www.jeunes-democrates.org/sites/default/files/styles/bandeau/public/b-site1_2ff76.jpg]
[www.jeunes-democrates.org/files/environnement_preserve.pdf]
[www.jeunes-democrates.org/environnement-preserve]
[www.jeunes-democrates.org/sites/default/files/construction-logements-confluence-lyon.jpg]
[www.jeunes-democrates.org/sites/all/modules/lightbox2/js/lightbox8c7f.js]
[www.jeunes-democrates.org/sites/default/files/styles/medium/public/construction-logements-confluence-lyon1f3f.jpg]
[www.jeunes-democrates.org/article/un-pacte-pour-le-logement-oui-mais-certaines-conditions.html]
[www.jeunes-democrates.org/sites/default/files/stop-racisme-patch-a-coudre-9x9cm.jpg]
[www.jeunes-democrates.org/sites/all/modules/lightbox2/js/lightbox215a.js]
[www.jeunes-democrates.org/sites/default/files/styles/medium/public/stop-racisme-patch-a-coudre-9x9cm590f.jpg]
[www.jeunes-democrates.org/article/journee-internationale-de-lutte-contre-le-racisme.html]
[www.jeunes-democrates.org/sites/default/files/journee_de_la_femme_0.jpg]
[www.jeunes-democrates.org/sites/all/modules/lightbox2/js/lightbox3098.js]
[www.jeunes-democrates.org/sites/default/files/styles/medium/public/journee_de_la_femme_01ef0.jpg]
[www.jeunes-democrates.org/article/la-journee-internationale-de-la-femme-c-est-bien-l-egalite-hommes-femmes-toute-l-annee-c-est.html]
[guepar.mouvementdemocrate.fr/Adhesion/pdf/bulletin_adhesion_modem_2014.html]
[scontent-a.xx.fbcdn.net/hphotos-prn2/p480x480/1476462_10152005641629780_1364635220_n.jpg]
[scontent-a.xx.fbcdn.net/hphotos-prn2/p480x480/1475939_10152030521219780_16035026_n.jpg]
[www.jeunes-democrates.org/sites/all/libraries/chosen/chosen-sprite.png]
[www.jeunes-democrates.org/sites/all/libraries/chosen/chosen-sprite@2x.png]
[www.jeunes-democrates.org/sites/default/files/css/css_IjVDL-ZVE5VXwAMiNOtvj8kUoE0ESNenqVTFGzGmD7g.css]
[www.jeunes-democrates.org/sites/default/files/css/css_mLyhiFTFoFR_lkXpazZa1oxSfuoYEk4LsweHAzNgYPQ.css]
[www.jeunes-democrates.org/sites/default/files/je-suis-charlie.png]
[www.jeunes-democrates.org/sites/default/files/styles/medium/public/je-suis-charlie43e7.png]
[www.jeunes-democrates.org/article/2015/01/appel-participer-aux-marches-republicaines-paris-et-partout-en-france.html]
[www.jeunes-democrates.org/sites/default/files/pole-emploi-93-educnat.png]
[www.jeunes-democrates.org/sites/all/modules/lightbox2/js/lightbox3a72.js]
[www.jeunes-democrates.org/sites/default/files/styles/medium/public/pole-emploi-93-educnat6412.png]
[www.jeunes-democrates.org/article/2014/10/pour-une-education-veritablement-nationale.html]
[www.jeunes-democrates.org/sites/all/modules/lightbox2/js/lightbox3cbd.js]
[www.jeunes-democrates.org/sites/default/files/bandeau-place-au-orange-bourgoin.jpg]
[www.jeunes-democrates.org/sites/all/modules/lightbox2/js/lightbox9bac.js]
[www.jeunes-democrates.org/sites/default/files/styles/medium/public/bandeau-place-au-orange-bourgoin62bc.jpg]
[www.jeunes-democrates.org/article/2014/10/comment-les-citoyens-peuvent-ils-se-reapproprier-la-politique.html]
[www.jeunes-democrates.org/sites/default/files/logo-heforshe.png]
[www.jeunes-democrates.org/sites/all/modules/lightbox2/js/lightbox391d.js]
[www.jeunes-democrates.org/sites/default/files/styles/medium/public/logo-heforshe3cc4.png]
[www.jeunes-democrates.org/article/2014/09/les-jeunes-democrates-soutiennent-la-campagne-heforshe.html]
[www.jeunes-democrates.org/sites/default/files/10382644_10152550872114178_5212979234242992916_n.jpg]
[www.jeunes-democrates.org/sites/all/modules/lightbox2/js/lightbox1ef4.js]
[www.jeunes-democrates.org/sites/default/files/styles/medium/public/10382644_10152550872114178_5212979234242992916_n41da.jpg]
[www.jeunes-democrates.org/article/2014/07/cet-ete-montrons-nos-couleurs.html]
[www.jeunes-democrates.org/sites/default/files/41b265e7d0.jpg]
[www.jeunes-democrates.org/sites/all/modules/lightbox2/js/lightbox86ac.js]
[www.jeunes-democrates.org/sites/default/files/styles/medium/public/41b265e7d0b0a8.jpg]
[www.jeunes-democrates.org/article/2014/07/bourse-madame-la-ministre-le-cours-du-merite-s-effondre.html]
[www.jeunes-democrates.org/sites/default/files/5416360638_8da9705b31_z.jpg]
[www.jeunes-democrates.org/sites/all/modules/lightbox2/js/lightboxc8b3.js]
[www.jeunes-democrates.org/sites/default/files/styles/medium/public/5416360638_8da9705b31_zcf2c.jpg]
[www.jeunes-democrates.org/search/taxonomy OR term OR 2]
[www.jeunes-democrates.org/article/2014/06/l-espoir-reviendra-par-l-emploi.html]
[www.jeunes-democrates.org/sites/default/files/logo-liberation.png]
[www.jeunes-democrates.org/sites/default/files/styles/medium/public/logo-liberation0104.png]
[www.jeunes-democrates.org/sites/all/modules/lightbox2/js/lightbox9fde.js]
[www.jeunes-democrates.org/article/2014/06/genocide-des-tutsis-la-verite-maintenant.html]
[www.jeunes-democrates.org/sites/default/files/don-du-sang-jdem-2.jpg]
[www.jeunes-democrates.org/sites/all/modules/lightbox2/js/lightbox7c8f.js]
[www.jeunes-democrates.org/sites/default/files/styles/medium/public/don-du-sang-jdem-2204f.jpg]
[www.jeunes-democrates.org/search/taxonomy OR term OR 2.537.delayed]
[www.jeunes-democrates.org/article/2014/06/journee-mondiale-du-don-de-sang-les-homo-et-bisexuels-aussi-peuvent-sauver-des-vies.html]
[www.jeunes-democrates.org/sites/default/files/twitter3552f6c_jpg.jpg]
[www.jeunes-democrates.org/sites/all/modules/lightbox2/js/lightbox75de.js]
[www.jeunes-democrates.org/sites/default/files/styles/medium/public/twitter3552f6c_jpg6b48.jpg]
[www.sos-homophobie.org/sites/default/files/rapport_annuel_2014.pdf]
[femmes.gouv.fr/wp-content/uploads/2012/11/violence_v5+_06-2011.54a.delayed]
[www.familles-enfance-droitsdesfemmes.gouv.fr/wp-content/uploads/2012/11/violence_v5+_06-2011.pdf]
[www.jeunes-democrates.org/article/2014/05/la-lutte-contre-les-discriminations-au-coeur-d-un-projet-de-societe.html]
[www.jeunes-democrates.org/sites/default/files/4_-_groupe_pe_2.jpg]
[www.jeunes-democrates.org/sites/all/modules/lightbox2/js/lightbox0cb9.js]
[www.jeunes-democrates.org/sites/default/files/styles/medium/public/4_-_groupe_pe_265de.jpg]
[www.jeunes-democrates.org/article/2014/05/prenons-la-parole-sur-l-avenir-de-l-europe.html]
[www.jeunes-democrates.org/sites/default/files/apl-aide-personnalisee-au-logement.gif]
[www.jeunes-democrates.org/sites/all/modules/lightbox2/js/lightboxf174.js]
[www.jeunes-democrates.org/sites/default/files/styles/medium/public/apl-aide-personnalisee-au-logement9ba2.gif]
[www.jeunes-democrates.org/article/2014/04/non-la-suppression-des-apl-pour-les-etudiants-non-boursiers.html]
[www.jeunes-democrates.org/sites/default/files/sochi-3.jpg]
[www.jeunes-democrates.org/sites/default/files/styles/medium/public/sochi-3ec23.jpg]
[www.jeunes-democrates.org/sites/all/modules/lightbox2/js/lightboxcb40.js]
[www.jeunes-democrates.org/article/2014/02/encouragements-nos-athletes-paralympiques.html]
[www.jeunes-democrates.org/sites/default/files/1546077_10152160427794780_527205714_n.jpg]
[www.jeunes-democrates.org/sites/all/modules/lightbox2/js/lightboxb0ee.js]
[www.jeunes-democrates.org/sites/default/files/styles/medium/public/1546077_10152160427794780_527205714_nbe6d.jpg]
[www.jeunes-democrates.org/article/2014/02/renouvellement-des-federations.html]
[www.jeunes-democrates.org/sites/default/files/capture_decran_2014-01-31_a_18.04.54.png]
[www.jeunes-democrates.org/sites/all/modules/lightbox2/js/lightbox896c.js]
[www.jeunes-democrates.org/sites/default/files/styles/medium/public/capture_decran_2014-01-31_a_18.04.54d807.png]
[www.jeunes-democrates.org/article/2014/01/2014-une-annee-electorale.html]
[www.jeunes-democrates.org/sites/default/files/442934.jpg]
[www.jeunes-democrates.org/sites/all/modules/lightbox2/js/lightbox58ba.js]
[www.jeunes-democrates.org/sites/default/files/styles/medium/public/442934db79.jpg]
[www.jeunes-democrates.org/article/2014/01/zone-interdite-sur-le-handicap.html]
[www.jeunes-democrates.org/sites/default/files/francois-hollande-conference-de-presse_0.jpg]
[www.jeunes-democrates.org/sites/all/modules/lightbox2/js/lightboxeff0.js]
[www.jeunes-democrates.org/sites/default/files/styles/medium/public/francois-hollande-conference-de-presse_000bd.jpg]
[www.jeunes-democrates.org/article/2014/01/les-actes-devront-suivre.html]
[www.jeunes-democrates.org/sites/default/files/sans_titre.png]
[www.jeunes-democrates.org/sites/all/modules/lightbox2/js/lightbox7635.js]
[www.jeunes-democrates.org/sites/default/files/styles/medium/public/sans_titre7d55.png]
[www.jeunes-democrates.org/article/2014/01/osez-tous-candidats.html]
[www.jeunes-democrates.org/files/notre_manifeste/Manifeste/email.html]
[www.jeunes-democrates.org/files/notre_manifeste/Manifeste/acheter.html]
[www.jeunes-democrates.org/files/notre_manifeste/Manifeste/partager.html]
[www.jeunes-democrates.org/files/notre_manifeste/Manifeste/integrer.html]
[www.jeunes-democrates.org/files/notre_manifeste/Manifeste/fiche.html]
[www.jeunes-democrates.org/files/notre_manifeste/Manifeste/video.html]
[www.jeunes-democrates.org/files/notre_manifeste/Manifeste/icon_close-pop.html]
